[control.pink/index.html]
[control.pink/assets/css/style.css]
[control.pink/assets/css/fonts.css]
[control.pink/assets/css/stars.css]
[use.fontawesome.com/releases/v5.6.1/css/all.css]
[control.pink/assets/js/block.js]
[backblue.gif]
[fade.gif]
[index.html]
[control.pink/assets/images/logo.ico]
[control.pink/assets/images/bg.gif]
[control.pink/tc.html]
[control.pink/pp.html]
[control.pink/rp.html]
[control.pink/sc.html]
[control.pink/p.html]
[control.pink/assets/audio/audio.mp3]
[control.pink/assets/js/audio.js]
[control.pink/assets/audio/click.mp3]
[control.pink/assets/js/click.js]
[control.pink/assets/js/fx.js]
[control.pink/index.html]
[ajax.cloudflare.com/cdn-cgi/scripts/7d0fa10a/cloudflare-static/rocket-loader.min.js]
[control.pink/assets/cursor/cur.png]
[control.pink/assets/images/dot.png]
[control.pink/assets/css/style.css]
[control.pink/assets/css/fonts.css]
[control.pink/assets/css/stars.css]
[use.fontawesome.com/releases/v5.6.1/css/all.css]
[control.pink/tc.html]
[control.pink/pp.html]
[control.pink/rp.html]
[control.pink/sc.html]
[control.pink/p.html]
[control.pink/assets/cursor/cur.html]
[control.pink/assets/fonts/Crisp.ttf]
